  Determining projects to restore...
/Users/jplopez/projects/vendor-mdm-portal/backend/VendorMdm.Api.Tests/VendorMdm.Api.Tests.csproj : warning NU1901: Package 'Moq' 4.20.0 has a known low severity vulnerability, https://github.com/advisories/GHSA-6r78-m64m-qwcf
  All projects are up-to-date for restore.
/Users/jplopez/projects/vendor-mdm-portal/backend/VendorMdm.Api.Tests/VendorMdm.Api.Tests.csproj : warning NU1901: Package 'Moq' 4.20.0 has a known low severity vulnerability, https://github.com/advisories/GHSA-6r78-m64m-qwcf
  VendorMdm.Shared -> /Users/jplopez/projects/vendor-mdm-portal/backend/VendorMdm.Shared/bin/Debug/net8.0/VendorMdm.Shared.dll
  VendorMdm.Artifacts -> /Users/jplopez/projects/vendor-mdm-portal/backend/VendorMdm.Artifacts/bin/Debug/net8.0/VendorMdm.Artifacts.dll
  Determining projects to restore...
  Restored /var/folders/5q/vd_7pfyd613gyg8rz12p83_w0000gn/T/oh5gre02.05d/WorkerExtensions.csproj (in 860 ms).
  WorkerExtensions -> /var/folders/5q/vd_7pfyd613gyg8rz12p83_w0000gn/T/oh5gre02.05d/buildout/Microsoft.Azure.Functions.Worker.Extensions.dll
  VendorMdm.Api -> /Users/jplopez/projects/vendor-mdm-portal/backend/VendorMdm.Api/bin/Debug/net8.0/VendorMdm.Api.dll
/Users/jplopez/projects/vendor-mdm-portal/backend/VendorMdm.Api.Tests/Services/InvitationServiceTests.cs(50,9): warning CS8602: Dereference of a possibly null reference. [/Users/jplopez/projects/vendor-mdm-portal/backend/VendorMdm.Api.Tests/VendorMdm.Api.Tests.csproj]
/Users/jplopez/projects/vendor-mdm-portal/backend/VendorMdm.Api.Tests/Integration/InvitationFlowIntegrationTests.cs(50,9): warning CS8602: Dereference of a possibly null reference. [/Users/jplopez/projects/vendor-mdm-portal/backend/VendorMdm.Api.Tests/VendorMdm.Api.Tests.csproj]
/Users/jplopez/projects/vendor-mdm-portal/backend/VendorMdm.Api.Tests/Integration/InvitationFlowIntegrationTests.cs(64,32): warning CS8602: Dereference of a possibly null reference. [/Users/jplopez/projects/vendor-mdm-portal/backend/VendorMdm.Api.Tests/VendorMdm.Api.Tests.csproj]
/Users/jplopez/projects/vendor-mdm-portal/backend/VendorMdm.Api.Tests/Helpers/MockHelpers.cs(38,36): warning CS8620: Argument of type 'Dictionary<string, string>' cannot be used for parameter 'initialData' of type 'IEnumerable<KeyValuePair<string, string?>>' in 'IConfigurationBuilder MemoryConfigurationBuilderExtensions.AddInMemoryCollection(IConfigurationBuilder configurationBuilder, IEnumerable<KeyValuePair<string, string?>>? initialData)' due to differences in the nullability of reference types. [/Users/jplopez/projects/vendor-mdm-portal/backend/VendorMdm.Api.Tests/VendorMdm.Api.Tests.csproj]
/Users/jplopez/projects/vendor-mdm-portal/backend/VendorMdm.Api.Tests/Integration/InvitationLifecycleIntegrationTests.cs(68,56): error CS0117: 'InvitationStatus' does not contain a definition for 'MfaVerified' [/Users/jplopez/projects/vendor-mdm-portal/backend/VendorMdm.Api.Tests/VendorMdm.Api.Tests.csproj]
/Users/jplopez/projects/vendor-mdm-portal/backend/VendorMdm.Api.Tests/Integration/InvitationLifecycleIntegrationTests.cs(78,56): error CS0117: 'InvitationStatus' does not contain a definition for 'InitialInfoCompleted' [/Users/jplopez/projects/vendor-mdm-portal/backend/VendorMdm.Api.Tests/VendorMdm.Api.Tests.csproj]
/Users/jplopez/projects/vendor-mdm-portal/backend/VendorMdm.Api.Tests/Integration/InvitationLifecycleIntegrationTests.cs(89,56): error CS0117: 'InvitationStatus' does not contain a definition for 'Enriched' [/Users/jplopez/projects/vendor-mdm-portal/backend/VendorMdm.Api.Tests/VendorMdm.Api.Tests.csproj]
/Users/jplopez/projects/vendor-mdm-portal/backend/VendorMdm.Api.Tests/Integration/InvitationLifecycleIntegrationTests.cs(48,9): warning CS8602: Dereference of a possibly null reference. [/Users/jplopez/projects/vendor-mdm-portal/backend/VendorMdm.Api.Tests/VendorMdm.Api.Tests.csproj]
/Users/jplopez/projects/vendor-mdm-portal/backend/VendorMdm.Api.Tests/Integration/InvitationLifecycleIntegrationTests.cs(60,81): warning CS8602: Dereference of a possibly null reference. [/Users/jplopez/projects/vendor-mdm-portal/backend/VendorMdm.Api.Tests/VendorMdm.Api.Tests.csproj]
/Users/jplopez/projects/vendor-mdm-portal/backend/VendorMdm.Api.Tests/Integration/InvitationLifecycleIntegrationTests.cs(61,23): warning CS8602: Dereference of a possibly null reference. [/Users/jplopez/projects/vendor-mdm-portal/backend/VendorMdm.Api.Tests/VendorMdm.Api.Tests.csproj]
/Users/jplopez/projects/vendor-mdm-portal/backend/VendorMdm.Api.Tests/Integration/InvitationLifecycleIntegrationTests.cs(64,65): warning CS8604: Possible null reference argument for parameter 'code' in 'Task<bool> IInvitationService.VerifyMfaCodeAsync(string token, string code)'. [/Users/jplopez/projects/vendor-mdm-portal/backend/VendorMdm.Api.Tests/VendorMdm.Api.Tests.csproj]
/Users/jplopez/projects/vendor-mdm-portal/backend/VendorMdm.Api.Tests/Integration/InvitationLifecycleIntegrationTests.cs(68,9): warning CS8602: Dereference of a possibly null reference. [/Users/jplopez/projects/vendor-mdm-portal/backend/VendorMdm.Api.Tests/VendorMdm.Api.Tests.csproj]
/Users/jplopez/projects/vendor-mdm-portal/backend/VendorMdm.Api.Tests/Integration/InvitationLifecycleIntegrationTests.cs(78,9): warning CS8602: Dereference of a possibly null reference. [/Users/jplopez/projects/vendor-mdm-portal/backend/VendorMdm.Api.Tests/VendorMdm.Api.Tests.csproj]
/Users/jplopez/projects/vendor-mdm-portal/backend/VendorMdm.Api.Tests/Integration/InvitationLifecycleIntegrationTests.cs(89,9): warning CS8602: Dereference of a possibly null reference. [/Users/jplopez/projects/vendor-mdm-portal/backend/VendorMdm.Api.Tests/VendorMdm.Api.Tests.csproj]
/Users/jplopez/projects/vendor-mdm-portal/backend/VendorMdm.Api.Tests/Integration/InvitationLifecycleIntegrationTests.cs(132,9): warning CS8602: Dereference of a possibly null reference. [/Users/jplopez/projects/vendor-mdm-portal/backend/VendorMdm.Api.Tests/VendorMdm.Api.Tests.csproj]
/Users/jplopez/projects/vendor-mdm-portal/backend/VendorMdm.Api.Tests/Services/InvitationServiceTests.cs(162,9): warning CS8602: Dereference of a possibly null reference. [/Users/jplopez/projects/vendor-mdm-portal/backend/VendorMdm.Api.Tests/VendorMdm.Api.Tests.csproj]
/Users/jplopez/projects/vendor-mdm-portal/backend/VendorMdm.Api.Tests/Services/InvitationServiceTests.cs(201,9): warning CS8602: Dereference of a possibly null reference. [/Users/jplopez/projects/vendor-mdm-portal/backend/VendorMdm.Api.Tests/VendorMdm.Api.Tests.csproj]
